/usr/src/kernels/7.1.13-401.asahi.vrr3.fc44.aarch64+16k/include/asm-generic/io.h:353:19:readl_relaxed	0	static
ave_session.c:732:14:ave_sess_arena_take	0	static
ave_session.c:1712:12:ave_session_nal_type	0	static
ave_session.c:1975:13:ave_session_diag_channels	288	static
ave_session.c:1890:13:ave_session_diag_row0	160	static
ave_session.c:2004:13:ave_session_diag_mcpu	208	static
ave_session.c:491:13:ave_session_ipc_rx	16	static
ave_session.c:711:14:ave_sess_ipc_alloc	64	static
ave_session.c:675:14:ave_sess_dma_alloc	80	static
ave_session.c:791:12:ave_session_cmd	128	static
ave_session.c:884:12:ave_session_config	192	static
ave_session.c:1579:13:ave_session_alloc_entropy	176	static
ave_session.c:1666:13:ave_session_fill_input	96	static
ave_session.c:1719:13:ave_session_publish	320	static
ave_session.c:1002:12:ave_npo2.part.0	0	static
ave_session.c:1050:13:ave_session_alloc_dpb	304	static
ave_session.c:2056:12:ave_session_process.constprop	1648	static
ave_session.c:1511:13:ave_session_alloc_nbr.constprop	160	static
ave_session.c:1216:12:ave_session_start_avc.constprop	1712	static
ave_session.c:2540:6:ave_session_hide	32	static
ave_session.c:2550:6:ave_session_release	80	static
ave_session.c:2561:5:ave_session_selftest	160	static
ave_session.c:2736:5:ave_session_close_client	160	static
ave_session.c:2896:6:ave_session_halt_requested	0	static
ave_session.c:2901:5:ave_session_halt	144	static
