/usr/src/kernels/7.1.13-401.asahi.vrr3.fc44.aarch64+16k/include/asm-generic/io.h:353:19:readl_relaxed	0	static
ave_abi_boot.h:364:19:ave_boot_get_le64	0	static
ave_abi_boot.h:388:20:ave_boot_desc_parse	32	static
ave_ipc.c:643:12:ave_boot_check_msg1_log	80	static
ave_ipc.c:686:12:ave_boot_heap	48	static
ave_ipc.c:370:13:ave_ipc_terminal_line	608	static
ave_ipc.c:277:12:ave_chan_recv_fw	64	static
ave_ipc.c:107:5:ave_recv_iop_msg	96	static
ave_ipc.c:160:5:ave_ipc_cpu_to_fw	0	static
ave_ipc.c:165:7:ave_ipc_fw_to_cpu	0	static
ave_ipc.c:729:12:ave_boot_bind	240	static
ave_ipc.c:189:7:ave_ipc_alloc	64	static
ave_ipc.c:204:6:ave_ipc_free	16	static
ave_ipc.c:245:6:ave_ipc_ring_doorbell	48	static
ave_ipc.c:256:12:ave_chan_send_fw	64	static
ave_ipc.c:403:13:ave_ipc_shmalloc	96	static
ave_ipc.c:464:13:ave_ipc_drain	80	static
ave_ipc.c:512:13:ave_ipc_irq_dispatch	64	static
ave_ipc.c:302:5:ave_ipc_send	16	static
ave_ipc.c:331:5:ave_ipc_recv	80	static
ave_ipc.c:573:5:ave_boot_config	64	static
ave_ipc.c:811:5:ave_ipc_handshake	128	static
ave_ipc.c:998:6:ave_fw_log_dump	368	static
ave_ipc.c:1062:6:ave_fw_globals_dump	96	static
ave_ipc.c:1095:5:ave_ipc_init	48	static
ave_ipc.c:1155:6:ave_ipc_fini	64	static
