/usr/src/kernels/7.1.13-401.asahi.vrr3.fc44.aarch64+16k/include/asm-generic/io.h:353:19:readl_relaxed	0	static
/usr/src/kernels/7.1.13-401.asahi.vrr3.fc44.aarch64+16k/include/asm-generic/io.h:368:19:readq_relaxed	0	static
ave_drv.c:337:13:ave_dpe_apply	64	static
ave_drv.c:1596:1:ave_driver_init	16	static
ave_drv.c:324:13:ave_dpe_log	64	static
ave_drv.c:457:13:ave_power_me1_off	32	static
ave_drv.c:758:13:ave_status_histogram	240	static
ave_drv.c:799:13:ave_asc_liveness	64	static
ave_drv.c:396:13:ave_me1_holder_release	16	static
ave_drv.c:554:12:ave_core_reset	112	static
ave_drv.c:1596:1:ave_driver_exit	16	static
ave_drv.c:157:13:ave_stage	64	static
/usr/src/kernels/7.1.13-401.asahi.vrr3.fc44.aarch64+16k/include/linux/pm_runtime.h:516:19:pm_runtime_get_active.constprop	32	static
ave_drv.c:401:12:ave_power_me1_on	144	static
ave_drv.c:471:13:ave_power_off.part.0	48	static
ave_drv.c:519:13:ave_power_off_action	16	static
ave_drv.c:852:12:ave_probe_stages	256	static
ave_drv.c:1448:12:ave_probe	48	static
ave_drv.c:1462:13:ave_remove	64	static
ave_drv.c:234:20:ave_irq_handler	96	static
