[  195.234310] apple-ave 40d100000.video-encoder: dapf: mapped CPUDART 0x000000040d040000 and DAPF 0x000000040d044000 (not requested)
[  195.234311] apple-ave 40d100000.video-encoder: dapf: E2 read-only dump (domain none - no DART bound)
[  195.234313] apple-ave 40d100000.video-encoder: dapf: [E2] CPUDART 0x000000040d040000
[  195.234315] apple-ave 40d100000.video-encoder: dapf:   PARAMS1 = 0x1ed01020  PARAMS2 = 0x00021037
[  195.234316] apple-ave 40d100000.video-encoder: dapf:   ERROR   = 0x0e000400 stream 14 code 0x400 WRITE  addr 0x376f97c6
[  195.234317] apple-ave 40d100000.video-encoder: dapf:   CONFIG  = 0x1e010000
[  195.234318] apple-ave 40d100000.video-encoder: dapf:   REMAP[0] = 0x03020100
[  195.234320] apple-ave 40d100000.video-encoder: dapf:   REMAP[1] = 0x07060504
[  195.234321] apple-ave 40d100000.video-encoder: dapf:   REMAP[2] = 0x0b0a0908
[  195.234321] apple-ave 40d100000.video-encoder: dapf:   REMAP[3] = 0x0f0e0d0c
[  195.234323] apple-ave 40d100000.video-encoder: dapf:   DAPF_LOCK = 0x00000000  UNK1(0xf8) = 0x00000000  ENABLED_STREAMS = 0x0000fffe
[  195.234324] apple-ave 40d100000.video-encoder: dapf:   TCR[ 0]  = 0x00000080 TRANSLATE
[  195.234326] apple-ave 40d100000.video-encoder: dapf:   TTBR[ 0][0] = 0x00000000
[  195.234328] apple-ave 40d100000.video-encoder: dapf:   TTBR[ 0][1] = 0x01c00c00
[  195.234329] apple-ave 40d100000.video-encoder: dapf:   TTBR[ 0][2] = 0x08822100
[  195.234330] apple-ave 40d100000.video-encoder: dapf:   TTBR[ 0][3] = 0x28835c40
[  195.234332] apple-ave 40d100000.video-encoder: dapf:   TCR[ 1]  = 0x00000080 TRANSLATE
[  195.234333] apple-ave 40d100000.video-encoder: dapf:   TTBR[ 1][0] = 0x00200400
[  195.234335] apple-ave 40d100000.video-encoder: dapf:   TTBR[ 1][1] = 0x09820400
[  195.234336] apple-ave 40d100000.video-encoder: dapf:   TTBR[ 1][2] = 0x14820100
[  195.234336] apple-ave 40d100000.video-encoder: dapf:   TTBR[ 1][3] = 0x00208200
[  195.234337] apple-ave 40d100000.video-encoder: dapf:   TCR[15]  = 0x00000080 TRANSLATE
[  195.234339] apple-ave 40d100000.video-encoder: dapf:   TTBR[15][0] = 0x20180200
[  195.234340] apple-ave 40d100000.video-encoder: dapf:   TTBR[15][1] = 0x03801440
[  195.234342] apple-ave 40d100000.video-encoder: dapf:   TTBR[15][2] = 0x09c50140
[  195.234343] apple-ave 40d100000.video-encoder: dapf:   TTBR[15][3] = 0x00100040
[  195.234344] apple-ave 40d100000.video-encoder: dapf: [E2] DAPF 0x000000040d044000, 16 entries x {r0 +0, r4 +4, start +8, end +0x10 (incl)}
[  195.234346] apple-ave 40d100000.video-encoder: dapf:   [ 0] r0 0x0200 r4 0x00e3  0x010000d0000 - 0x0000e040400
[  195.234348] apple-ave 40d100000.video-encoder: dapf:   [ 1] r0 0x0000 r4 0x0640  0x02002060000 - 0x1820808c80c
[  195.234351] apple-ave 40d100000.video-encoder: dapf:   [ 2] r0 0x0010 r4 0x1021  0x00041e21124 - 0x00900061000 admits:0x40d050000 admits:0x506000000
[  195.234353] apple-ave 40d100000.video-encoder: dapf:   [ 3] r0 0x0030 r4 0x2428  0x00502060640 - 0x04003005080 admits:0x506000000
[  195.234356] apple-ave 40d100000.video-encoder: dapf:   [ 4] r0 0x0200 r4 0x6023  0x00002200880 - 0x00004440000
[  195.234358] apple-ave 40d100000.video-encoder: dapf:   [ 5] r0 0x0100 r4 0x0ac2  0x04004a24100 - 0x10014604100 admits:0x10000b28200
[  195.234361] apple-ave 40d100000.video-encoder: dapf:   [ 6] r0 0x0010 r4 0x1040  0x00008060800 - 0x00000090004
[  195.234363] apple-ave 40d100000.video-encoder: dapf:   [ 7] r0 0x0030 r4 0xc041  0x20071200140 - 0x03094a60004
[  195.234366] apple-ave 40d100000.video-encoder: dapf:   [ 8] r0 0x0100 r4 0x0c44  0x200500d0200 - 0x00006484000
[  195.234368] apple-ave 40d100000.video-encoder: dapf:   [ 9] r0 0x0010 r4 0x4000  0x000d0042804 - 0x0204a003908 admits:0x40d050000 admits:0x506000000
[  195.234371] apple-ave 40d100000.video-encoder: dapf:   [10] r0 0x0100 r4 0x0a00  0x004040c2000 - 0x00520020100 admits:0x40d050000 admits:0x506000000
[  195.234373] apple-ave 40d100000.video-encoder: dapf:   [11] r0 0x0000 r4 0x1c94  0x0103c204008 - 0x00018034010
[  195.234376] apple-ave 40d100000.video-encoder: dapf:   [12] r0 0x0200 r4 0x00cc  0x00080524000 - 0x0080a300210 admits:0x40d050000 admits:0x506000000
[  195.234378] apple-ave 40d100000.video-encoder: dapf:   [13] r0 0x0320 r4 0x0400  0x0400a002208 - 0x00007080480
[  195.234381] apple-ave 40d100000.video-encoder: dapf:   [14] r0 0x0000 r4 0x8001  0x00080541c00 - 0x00000000000
[  195.234383] apple-ave 40d100000.video-encoder: dapf:   [15] r0 0x0200 r4 0x0004  0x08031002900 - 0x00400000000
[  195.234384] apple-ave 40d100000.video-encoder: dapf: [E2] 16 non-empty slot(s)
