=== AVE boot handshake test ===
date      : 2026-09-08T21:52:22+01:00
boot_id   : 10673912
uptime    : 2293.32s
kernel    : 7.1.13-401.asahi.vrr1.fc44.aarch64+16k
commit    : 9252b85
log       : /home/aquarat/Projects/apple-ave-driver/results/handshake-20260908-215222-10673912.log

>>> modules match running kernel 7.1.13-401.asahi.vrr1.fc44.aarch64+16k
>>> overlay already loaded
>>> AVE platform device: NONE
>>> syncing and settling before the risky part
>>> insmod apple-ave.ko stop_after=15
[ 2301.983648] apple-ave 40d100000.video-encoder: probe: staged bring-up, stop_after=15 (max 16)
[ 2301.983653] apple-ave 40d100000.video-encoder: stage 1 (map-banks): starting
[ 2301.983654] apple-ave 40d100000.video-encoder:   mapping bank 0 (dpe)
[ 2301.983667] apple-ave 40d100000.video-encoder:   mapping bank 1 (asc)
[ 2301.983671] apple-ave 40d100000.video-encoder:   mapping bank 2 (sve)
[ 2301.983673] apple-ave 40d100000.video-encoder:   mapping bank 3 (unk3)
[ 2301.983676] apple-ave 40d100000.video-encoder:   mapping bank 4 (axi2af)
[ 2301.983679] apple-ave 40d100000.video-encoder: stage 1 (map-banks): OK
[ 2301.983680] apple-ave 40d100000.video-encoder: stage 2 (dma-mask): starting
[ 2301.983681] apple-ave 40d100000.video-encoder: stage 2 (dma-mask): OK
[ 2301.983681] apple-ave 40d100000.video-encoder: stage 3 (get-irq): starting
[ 2301.983688] apple-ave 40d100000.video-encoder:   irq = 130
[ 2301.983689] apple-ave 40d100000.video-encoder: stage 3 (get-irq): OK
[ 2301.983690] apple-ave 40d100000.video-encoder: stage 4 (request-irq): starting
[ 2301.983695] apple-ave 40d100000.video-encoder: stage 4 (request-irq): OK
[ 2301.983696] apple-ave 40d100000.video-encoder: stage 5 (power-attach): starting
[ 2301.983862] apple-ave 40d100000.video-encoder:   attached 5 power domain(s)
[ 2301.983864] apple-ave 40d100000.video-encoder: stage 5 (power-attach): OK
[ 2301.983864] apple-ave 40d100000.video-encoder: stage 6 (power-on): starting
[ 2301.983865] apple-ave 40d100000.video-encoder:   resumed; left powered for inspection
[ 2301.983866] apple-ave 40d100000.video-encoder: stage 6 (power-on): OK
[ 2301.983866] apple-ave 40d100000.video-encoder: stage 7 (write-sve-idle): starting
[ 2301.983867] apple-ave 40d100000.video-encoder:   writing 1 to SVE+0x38 (Apple's first access) ...
[ 2301.983868] apple-ave 40d100000.video-encoder:   write returned
[ 2301.983868] apple-ave 40d100000.video-encoder: stage 7 (write-sve-idle): OK
[ 2301.983869] apple-ave 40d100000.video-encoder: stage 8 (read-asc-status): starting
[ 2301.983869] apple-ave 40d100000.video-encoder:   reading ASC+0x400048 (CPU_STATUS) ...
[ 2301.983870] apple-ave 40d100000.video-encoder:   ASC CPU_STATUS = 0x0000002a
[ 2301.983871] apple-ave 40d100000.video-encoder: stage 8 (read-asc-status): OK
[ 2301.983872] apple-ave 40d100000.video-encoder: stage 9 (ipc-alloc): starting
[ 2301.986580] apple-ave 40d100000.video-encoder: IPC region 20 MiB at iova 0x00000000fa000000
[ 2301.986583] apple-ave 40d100000.video-encoder: stage 9 (ipc-alloc): OK
[ 2301.986584] apple-ave 40d100000.video-encoder: stage 10 (fw-load): starting
[ 2301.988058] apple-ave 40d100000.video-encoder: firmware image: 2622936 bytes
[ 2301.988060] apple-ave 40d100000.video-encoder:   image spans 0x268000, allocating 0x268000 contiguous
[ 2301.992983] apple-ave 40d100000.video-encoder:   __TEXT       vm 0x0+0x134000 file 0x4000+0x134000
[ 2301.993051] apple-ave 40d100000.video-encoder:   __DATA       vm 0x134000+0x134000 file 0x138000+0x134000
[ 2302.048850] apple-ave 40d100000.video-encoder:   IOBA at image +0x1341fd: 0x0 -> 0x20c000000
[ 2302.048858] apple-ave 40d100000.video-encoder:   IOSZ at image +0x13420d: 0 -> 0x2000000
[ 2302.181302] apple-ave 40d100000.video-encoder:   fw-base register 0x102010000b28001 -> mapping image at IOVA 0xb28000
[ 2302.181307] apple-ave 40d100000.video-encoder:   iova 0x00000000f9c00000 -> phys 0x0000010008800000, mapping at IOVA 0xb28000
[ 2302.181317] apple-ave 40d100000.video-encoder: firmware mapped at IOVA 0xb28000, 0x268000 bytes
[ 2302.181318] apple-ave 40d100000.video-encoder:   verify: iova_to_phys(0xb28000) = 0x0000010008800000, expected 0x0000010008800000
[ 2302.181332] apple-ave 40d100000.video-encoder: stage 10 (fw-load): OK
[ 2302.181333] apple-ave 40d100000.video-encoder: stage 11 (boot-cfg): starting
[ 2302.181362] apple-ave 40d100000.video-encoder:   boot cfg at iova 0x00000000f9a3c000, log surface 128 KiB at 0x00000000f9a40000
[ 2302.181364] apple-ave 40d100000.video-encoder:   scratch0=0x8042006 scratch1=0xf9a3c000 scratch2=0x0
[ 2302.181365] apple-ave 40d100000.video-encoder: stage 11 (boot-cfg): OK
[ 2302.181365] apple-ave 40d100000.video-encoder: stage 12 (iop-config): starting
[ 2302.181366] apple-ave 40d100000.video-encoder:   ASC+0x50000 BEFORE any write = 0x102010000b28001  (base field 0x10000b28000)
[ 2302.181367] apple-ave 40d100000.video-encoder:   writing fw base 0x102000000000000 to ASC+0x50000 ...
[ 2302.181369] apple-ave 40d100000.video-encoder:   readback = 0x102010000b28001
[ 2302.181369] apple-ave 40d100000.video-encoder: stage 12 (iop-config): OK
[ 2302.181370] apple-ave 40d100000.video-encoder: stage 13 (asc-start): starting
[ 2302.181371] apple-ave 40d100000.video-encoder: stage 13 (asc-start): OK
[ 2302.181372] apple-ave 40d100000.video-encoder: stage 14 (recv-msg): starting
[ 2302.181372] apple-ave 40d100000.video-encoder:   waiting up to 2s for the firmware to speak ...
[ 2304.200310] apple-ave 40d100000.video-encoder:   no message from firmware (-110)
[ 2304.200316] apple-ave 40d100000.video-encoder:   fw log: rd=0 wr=0 ring=0x20000
[ 2304.200318] apple-ave 40d100000.video-encoder:   firmware globals (read straight out of our image buffer):
[ 2304.200319] apple-ave 40d100000.video-encoder:     0x195090 = 0x0000000000000000  gs_psCfg (NULL => AVE_Log_Output disabled)
[ 2304.200320] apple-ave 40d100000.video-encoder:     0x1950b0 = 0x0000000000000000  gs_psCfg+0x20
[ 2304.200321] apple-ave 40d100000.video-encoder:     0x2649a0 = 0x0000000000000000  __rtk_crashlog_local_buffer
[ 2304.200322] apple-ave 40d100000.video-encoder:     0x2649c8 = 0x0000000000000000  crashlog related
[ 2304.200338] apple-ave 40d100000.video-encoder:   phys 0x0000010000b28000: first word 0x14000081 (not a Mach-O header)
[ 2304.200339] ave phys: 00000000: 81 00 00 14 00 00 00 00 00 00 00 00 00 00 00 00  ................
[ 2304.200340] apple-ave 40d100000.video-encoder:   branch target region (+0x200):
[ 2304.200341] ave +200: 00000000: 00 00 00 14 41 42 38 d5 21 0c 42 d3 3f 0c 00 f1  ....AB8.!.B.?...
[ 2304.200341] ave +200: 00000010: c1 00 00 54 a1 00 00 10 21 40 1e d5 a1 78 80 d2  ...T....!@...x..
[ 2304.200342] ave +200: 00000020: 01 40 1e d5 e0 03 9f d6 df 43 03 d5 e7 03 00 aa  .@.......C......
[ 2304.200343] ave +200: 00000030: 80 ee ff 10 00 c0 18 d5 a0 00 38 d5 01 1c 40 d3  ..........8...@.
[ 2304.200343] ave +200: 00000040: fa 03 01 aa 01 3c 48 d3 fb 03 01 aa 00 06 a0 d2  .....<H.........
[ 2304.200344] ave +200: 00000050: 40 10 18 d5 df 3f 03 d5 eb 03 07 aa 01 10 38 d5  @....?........8.
[ 2304.200346] apple-ave 40d100000.video-encoder: stage 14 (recv-msg): OK
[ 2304.200348] apple-ave 40d100000.video-encoder: stage 15 (probe-state): starting
[ 2304.406264] apple-ave 40d100000.video-encoder:   CPU_STATUS 0x0000002c -> 0x0000002c
[ 2304.406270] apple-ave 40d100000.video-encoder:   scratch[0] 0x08042006 -> 0x08042006
[ 2304.406271] apple-ave 40d100000.video-encoder:   scratch[1] 0xf9a3c000 -> 0xf9a3c000
[ 2304.406272] apple-ave 40d100000.video-encoder:   scratch[2] 0x00000000 -> 0x00000000
[ 2304.406273] apple-ave 40d100000.video-encoder:   scratch[3] 0x00000000 -> 0x00000000
[ 2304.406273] apple-ave 40d100000.video-encoder:   scratch[4] 0x00000000 -> 0x00000000
[ 2304.406274] apple-ave 40d100000.video-encoder:   scratch[5] 0x00000000 -> 0x00000000
[ 2304.406275] apple-ave 40d100000.video-encoder:   scratch[6] 0x00000000 -> 0x00000000
[ 2304.406275] apple-ave 40d100000.video-encoder:   scratch[7] 0x00000000 -> 0x00000000
[ 2304.406276] apple-ave 40d100000.video-encoder:   verdict: no observable activity - core may not be running
[ 2304.406276] apple-ave 40d100000.video-encoder: stage 15 (probe-state): OK

=== done. full log: /home/aquarat/Projects/apple-ave-driver/results/handshake-20260908-215222-10673912.log ===
