=== AVE boot handshake test ===
date      : 2026-09-08T21:51:43+01:00
boot_id   : 10673912
uptime    : 2253.78s
kernel    : 7.1.13-401.asahi.vrr1.fc44.aarch64+16k
commit    : 9252b85
log       : /home/aquarat/Projects/apple-ave-driver/results/handshake-20260908-215143-10673912.log

>>> modules match running kernel 7.1.13-401.asahi.vrr1.fc44.aarch64+16k
>>> overlay already loaded
>>> AVE platform device: NONE
>>> syncing and settling before the risky part
>>> insmod apple-ave.ko stop_after=15
[ 2262.561964] apple-ave 40d100000.video-encoder: probe: staged bring-up, stop_after=15 (max 16)
[ 2262.561969] apple-ave 40d100000.video-encoder: stage 1 (map-banks): starting
[ 2262.561969] apple-ave 40d100000.video-encoder:   mapping bank 0 (dpe)
[ 2262.561984] apple-ave 40d100000.video-encoder:   mapping bank 1 (asc)
[ 2262.561987] apple-ave 40d100000.video-encoder:   mapping bank 2 (sve)
[ 2262.561990] apple-ave 40d100000.video-encoder:   mapping bank 3 (unk3)
[ 2262.561991] apple-ave 40d100000.video-encoder:   mapping bank 4 (axi2af)
[ 2262.561995] apple-ave 40d100000.video-encoder: stage 1 (map-banks): OK
[ 2262.561996] apple-ave 40d100000.video-encoder: stage 2 (dma-mask): starting
[ 2262.561996] apple-ave 40d100000.video-encoder: stage 2 (dma-mask): OK
[ 2262.561997] apple-ave 40d100000.video-encoder: stage 3 (get-irq): starting
[ 2262.562005] apple-ave 40d100000.video-encoder:   irq = 130
[ 2262.562005] apple-ave 40d100000.video-encoder: stage 3 (get-irq): OK
[ 2262.562006] apple-ave 40d100000.video-encoder: stage 4 (request-irq): starting
[ 2262.562012] apple-ave 40d100000.video-encoder: stage 4 (request-irq): OK
[ 2262.562013] apple-ave 40d100000.video-encoder: stage 5 (power-attach): starting
[ 2262.562203] apple-ave 40d100000.video-encoder:   attached 5 power domain(s)
[ 2262.562204] apple-ave 40d100000.video-encoder: stage 5 (power-attach): OK
[ 2262.562205] apple-ave 40d100000.video-encoder: stage 6 (power-on): starting
[ 2262.562206] apple-ave 40d100000.video-encoder:   resumed; left powered for inspection
[ 2262.562206] apple-ave 40d100000.video-encoder: stage 6 (power-on): OK
[ 2262.562207] apple-ave 40d100000.video-encoder: stage 7 (write-sve-idle): starting
[ 2262.562207] apple-ave 40d100000.video-encoder:   writing 1 to SVE+0x38 (Apple's first access) ...
[ 2262.562208] apple-ave 40d100000.video-encoder:   write returned
[ 2262.562209] apple-ave 40d100000.video-encoder: stage 7 (write-sve-idle): OK
[ 2262.562209] apple-ave 40d100000.video-encoder: stage 8 (read-asc-status): starting
[ 2262.562210] apple-ave 40d100000.video-encoder:   reading ASC+0x400048 (CPU_STATUS) ...
[ 2262.562211] apple-ave 40d100000.video-encoder:   ASC CPU_STATUS = 0x0000002a
[ 2262.562211] apple-ave 40d100000.video-encoder: stage 8 (read-asc-status): OK
[ 2262.562212] apple-ave 40d100000.video-encoder: stage 9 (ipc-alloc): starting
[ 2262.570896] apple-ave 40d100000.video-encoder: IPC region 20 MiB at iova 0x00000000fa000000
[ 2262.570900] apple-ave 40d100000.video-encoder: stage 9 (ipc-alloc): OK
[ 2262.570901] apple-ave 40d100000.video-encoder: stage 10 (fw-load): starting
[ 2262.572400] apple-ave 40d100000.video-encoder: firmware image: 2622936 bytes
[ 2262.572403] apple-ave 40d100000.video-encoder:   image spans 0x268000, allocating 0x268000 contiguous
[ 2262.574507] apple-ave 40d100000.video-encoder:   __TEXT       vm 0x0+0x134000 file 0x4000+0x134000
[ 2262.574550] apple-ave 40d100000.video-encoder:   __DATA       vm 0x134000+0x134000 file 0x138000+0x134000
[ 2262.702285] apple-ave 40d100000.video-encoder:   IOBA at image +0x1341fd: 0x0 -> 0x20c000000
[ 2262.702292] apple-ave 40d100000.video-encoder:   IOSZ at image +0x13420d: 0 -> 0x2000000
[ 2262.831507] apple-ave 40d100000.video-encoder:   fw-base register 0x102010000b28001 -> mapping image at IOVA 0xb28000
[ 2262.831511] apple-ave 40d100000.video-encoder:   iova 0x00000000f9c00000 -> phys 0x0000010008800000, mapping at IOVA 0xb28000
[ 2262.831520] apple-ave 40d100000.video-encoder: firmware mapped at IOVA 0xb28000, 0x268000 bytes
[ 2262.831520] apple-ave 40d100000.video-encoder:   verify: iova_to_phys(0xb28000) = 0x0000010008800000, expected 0x0000010008800000
[ 2262.831533] apple-ave 40d100000.video-encoder: stage 10 (fw-load): OK
[ 2262.831535] apple-ave 40d100000.video-encoder: stage 11 (boot-cfg): starting
[ 2262.831561] apple-ave 40d100000.video-encoder:   boot cfg at iova 0x00000000f9abc000, log surface 128 KiB at 0x00000000f9ac0000
[ 2262.831563] apple-ave 40d100000.video-encoder:   scratch0=0x8042006 scratch1=0xf9abc000 scratch2=0x0
[ 2262.831564] apple-ave 40d100000.video-encoder: stage 11 (boot-cfg): OK
[ 2262.831565] apple-ave 40d100000.video-encoder: stage 12 (iop-config): starting
[ 2262.831566] apple-ave 40d100000.video-encoder:   ASC+0x50000 BEFORE any write = 0x102010000b28001  (base field 0x10000b28000)
[ 2262.831567] apple-ave 40d100000.video-encoder:   writing fw base 0x102000000000000 to ASC+0x50000 ...
[ 2262.831568] apple-ave 40d100000.video-encoder:   readback = 0x102010000b28001
[ 2262.831569] apple-ave 40d100000.video-encoder: stage 12 (iop-config): OK
[ 2262.831569] apple-ave 40d100000.video-encoder: stage 13 (asc-start): starting
[ 2262.831571] apple-ave 40d100000.video-encoder: stage 13 (asc-start): OK
[ 2262.831571] apple-ave 40d100000.video-encoder: stage 14 (recv-msg): starting
[ 2262.831572] apple-ave 40d100000.video-encoder:   waiting up to 2s for the firmware to speak ...
[ 2264.837579] apple-ave 40d100000.video-encoder:   no message from firmware (-110)
[ 2264.837584] apple-ave 40d100000.video-encoder:   fw log: rd=0 wr=0 ring=0x20000
[ 2264.837585] apple-ave 40d100000.video-encoder:   firmware globals (read straight out of our image buffer):
[ 2264.837586] apple-ave 40d100000.video-encoder:     0x195090 = 0x0000000000000000  gs_psCfg (NULL => AVE_Log_Output disabled)
[ 2264.837587] apple-ave 40d100000.video-encoder:     0x1950b0 = 0x0000000000000000  gs_psCfg+0x20
[ 2264.837588] apple-ave 40d100000.video-encoder:     0x2649a0 = 0x0000000000000000  __rtk_crashlog_local_buffer
[ 2264.837589] apple-ave 40d100000.video-encoder:     0x2649c8 = 0x0000000000000000  crashlog related
[ 2264.837604] apple-ave 40d100000.video-encoder:   phys 0x0000010000b28000: first word 0x14000081 (not a Mach-O header)
[ 2264.837605] ave phys: 00000000: 81 00 00 14 00 00 00 00 00 00 00 00 00 00 00 00  ................
[ 2264.837606] ave phys: 00000010: 00 00 00 00 00 00 00 00 00 00 00 00 00 00 00 00  ................
[ 2264.837607] ave phys: 00000020: 00 00 00 00 00 00 00 00 00 00 00 00 00 00 00 00  ................
[ 2264.837608] ave phys: 00000030: 00 00 00 00 00 00 00 00 00 00 00 00 00 00 00 00  ................
[ 2264.837610] apple-ave 40d100000.video-encoder: stage 14 (recv-msg): OK
[ 2264.837611] apple-ave 40d100000.video-encoder: stage 15 (probe-state): starting
[ 2265.046337] apple-ave 40d100000.video-encoder:   CPU_STATUS 0x0000002c -> 0x0000002c
[ 2265.046343] apple-ave 40d100000.video-encoder:   scratch[0] 0x08042006 -> 0x08042006
[ 2265.046344] apple-ave 40d100000.video-encoder:   scratch[1] 0xf9abc000 -> 0xf9abc000
[ 2265.046345] apple-ave 40d100000.video-encoder:   scratch[2] 0x00000000 -> 0x00000000
[ 2265.046346] apple-ave 40d100000.video-encoder:   scratch[3] 0x00000000 -> 0x00000000
[ 2265.046347] apple-ave 40d100000.video-encoder:   scratch[4] 0x00000000 -> 0x00000000
[ 2265.046347] apple-ave 40d100000.video-encoder:   scratch[5] 0x00000000 -> 0x00000000
[ 2265.046348] apple-ave 40d100000.video-encoder:   scratch[6] 0x00000000 -> 0x00000000
[ 2265.046349] apple-ave 40d100000.video-encoder:   scratch[7] 0x00000000 -> 0x00000000
[ 2265.046350] apple-ave 40d100000.video-encoder:   verdict: no observable activity - core may not be running
[ 2265.046350] apple-ave 40d100000.video-encoder: stage 15 (probe-state): OK

=== done. full log: /home/aquarat/Projects/apple-ave-driver/results/handshake-20260908-215143-10673912.log ===
