=== AVE boot handshake test ===
date      : 2026-09-13T10:21:49+01:00
boot_id   : c4e58389
uptime    : 1356.48s
kernel    : 7.1.13-401.asahi.vrr3.fc44.aarch64+16k
commit    : 03a66c4
log       : /home/aquarat/Projects/apple-ave-driver/results/handshake-20260913-102149-c4e58389.log

>>> modules match running kernel 7.1.13-401.asahi.vrr3.fc44.aarch64+16k
>>> insmod test/ave-overlay.ko
>>> AVE platform device: NONE
>>> syncing and settling before the risky part
>>> positive control: 38bc00000.dcp bound, domain disp0_cpu0 on
>>> insmod apple-ave.ko stop_after=15 asc_timer=1 ctl_asc=0x38bc00000
[ 1365.721044] apple-ave 40d100000.video-encoder: probe: staged bring-up, stop_after=15 (max 16)
[ 1365.721051] apple-ave 40d100000.video-encoder:   [ctl] ASC at 0x38bc00000: CPU_CONTROL = 0x10
[ 1365.942799] apple-ave 40d100000.video-encoder:   [ctl] CPU_STATUS: 2000 samples over 221 ms, 4 distinct
[ 1365.942820] apple-ave 40d100000.video-encoder:   [ctl]   0x002d x1905 RUNNING IRQ_NOT_PEND? FIQ_NOT_PEND? IDLE
[ 1365.942831] apple-ave 40d100000.video-encoder:   [ctl]   0x002c x74   IRQ_NOT_PEND? FIQ_NOT_PEND? IDLE
[ 1365.942839] apple-ave 40d100000.video-encoder:   [ctl]   0x0028 x20   FIQ_NOT_PEND? IDLE
[ 1365.942846] apple-ave 40d100000.video-encoder:   [ctl]   0x0008 x1    FIQ_NOT_PEND?
[ 1365.942861] apple-ave 40d100000.video-encoder: stage 1 (map-banks): starting
[ 1365.942868] apple-ave 40d100000.video-encoder:   mapping bank 0 (dpe)
[ 1365.942914] apple-ave 40d100000.video-encoder:   mapping bank 1 (asc)
[ 1365.942935] apple-ave 40d100000.video-encoder:   mapping bank 2 (sve)
[ 1365.942949] apple-ave 40d100000.video-encoder:   mapping bank 3 (unk3)
[ 1365.942961] apple-ave 40d100000.video-encoder:   mapping bank 4 (axi2af)
[ 1365.942985] apple-ave 40d100000.video-encoder: stage 1 (map-banks): OK
[ 1365.942991] apple-ave 40d100000.video-encoder: stage 2 (dma-mask): starting
[ 1365.942997] apple-ave 40d100000.video-encoder: stage 2 (dma-mask): OK
[ 1365.943002] apple-ave 40d100000.video-encoder: stage 3 (get-irq): starting
[ 1365.943083] apple-ave 40d100000.video-encoder:   irq = 130
[ 1365.943089] apple-ave 40d100000.video-encoder: stage 3 (get-irq): OK
[ 1365.943094] apple-ave 40d100000.video-encoder: stage 4 (request-irq): starting
[ 1365.943128] apple-ave 40d100000.video-encoder: stage 4 (request-irq): OK
[ 1365.943133] apple-ave 40d100000.video-encoder: stage 5 (power-attach): starting
[ 1365.943835] apple-ave 40d100000.video-encoder:   attached 5 power domain(s)
[ 1365.943845] apple-ave 40d100000.video-encoder: stage 5 (power-attach): OK
[ 1365.943850] apple-ave 40d100000.video-encoder: stage 6 (power-on): starting
[ 1365.943861] apple-ave 40d100000.video-encoder:   resumed; left powered for inspection
[ 1365.943866] apple-ave 40d100000.video-encoder: stage 6 (power-on): OK
[ 1365.943871] apple-ave 40d100000.video-encoder: stage 7 (write-sve-idle): starting
[ 1365.943876] apple-ave 40d100000.video-encoder:   writing 1 to SVE+0x38 (Apple's first access) ...
[ 1365.943882] apple-ave 40d100000.video-encoder:   write returned
[ 1365.943886] apple-ave 40d100000.video-encoder: stage 7 (write-sve-idle): OK
[ 1365.943891] apple-ave 40d100000.video-encoder: stage 8 (read-asc-status): starting
[ 1365.943896] apple-ave 40d100000.video-encoder:   reading ASC+0x400048 (CPU_STATUS) ...
[ 1365.943902] apple-ave 40d100000.video-encoder:   ASC CPU_STATUS = 0x0000002a
[ 1365.943908] apple-ave 40d100000.video-encoder: stage 8 (read-asc-status): OK
[ 1365.943912] apple-ave 40d100000.video-encoder: stage 9 (ipc-alloc): starting
[ 1365.946268] apple-ave 40d100000.video-encoder: IPC region 20 MiB at iova 0x00000000fe000000
[ 1365.946278] apple-ave 40d100000.video-encoder: stage 9 (ipc-alloc): OK
[ 1365.946283] apple-ave 40d100000.video-encoder: stage 10 (fw-load): starting
[ 1365.959822] apple-ave 40d100000.video-encoder: firmware image: 2622936 bytes
[ 1365.959827] apple-ave 40d100000.video-encoder:   image spans 0x268000, allocating 0x268000 contiguous
[ 1365.960811] apple-ave 40d100000.video-encoder:   __TEXT       vm 0x0+0x134000 file 0x4000+0x134000
[ 1365.960843] apple-ave 40d100000.video-encoder:   __DATA       vm 0x134000+0x134000 file 0x138000+0x134000
[ 1366.084712] apple-ave 40d100000.video-encoder:   IOBA at image +0x1341fd: 0x0 -> 0x20c000000
[ 1366.084720] apple-ave 40d100000.video-encoder:   IOSZ at image +0x13420d: 0 -> 0x2000000
[ 1366.205071] apple-ave 40d100000.video-encoder:   fw-base register 0x102010000b28001 -> mapping image at IOVA 0xb28000
[ 1366.205073] apple-ave 40d100000.video-encoder:   iova 0x00000000fdc00000 -> phys 0x000001000a800000, mapping at IOVA 0xb28000
[ 1366.205078] apple-ave 40d100000.video-encoder: firmware mapped at IOVA 0xb28000, 0x268000 bytes
[ 1366.205079] apple-ave 40d100000.video-encoder:   verify: iova_to_phys(0xb28000) = 0x000001000a800000, expected 0x000001000a800000
[ 1366.205088] apple-ave 40d100000.video-encoder: stage 10 (fw-load): OK
[ 1366.205089] apple-ave 40d100000.video-encoder: stage 11 (boot-cfg): starting
[ 1366.205106] apple-ave 40d100000.video-encoder:   boot cfg at iova 0x00000000fdbbc000, log surface 128 KiB at 0x00000000fdbc0000
[ 1366.205107] apple-ave 40d100000.video-encoder:   scratch0=0x8042006 scratch1=0xfdbbc000 scratch2=0x0
[ 1366.205108] apple-ave 40d100000.video-encoder: stage 11 (boot-cfg): OK
[ 1366.205109] apple-ave 40d100000.video-encoder: stage 12 (iop-config): starting
[ 1366.205110] apple-ave 40d100000.video-encoder:   ASC+0x50000 BEFORE any write = 0x102010000b28001  (base field 0x10000b28000)
[ 1366.205111] apple-ave 40d100000.video-encoder:   writing fw base 0x102000000000000 to ASC+0x50000 ...
[ 1366.205112] apple-ave 40d100000.video-encoder:   readback = 0x102010000b28001
[ 1366.205113] apple-ave 40d100000.video-encoder: stage 12 (iop-config): OK
[ 1366.205904] apple-ave 40d100000.video-encoder:   snapshot: 4096 pages of 0x0000010000b28000 checksummed before start
[ 1366.680352] apple-ave 40d100000.video-encoder:   [ours ] src path   at 0x11f5f5 (+0x11f5f5)
[ 1366.680429] apple-ave 40d100000.video-encoder:   [ours ] src path   at 0x11f6bd (+0x11f6bd)
[ 1366.680587] apple-ave 40d100000.video-encoder:   [ours ] src path   at 0x11f84c (+0x11f84c)
[ 1366.680777] apple-ave 40d100000.video-encoder:   [ours ] src path   at 0x11fa0d (+0x11fa0d)
[ 1366.680839] apple-ave 40d100000.video-encoder:   [ours ] src path   at 0x11faa6 (+0x11faa6)
[ 1366.680967] apple-ave 40d100000.video-encoder:   [ours ] src path   at 0x11fbeb (+0x11fbeb)
[ 1366.683691] apple-ave 40d100000.video-encoder:   [ours ] CmdProc    at 0x12165e (+0x12165e)
[ 1366.714638] apple-ave 40d100000.video-encoder:   [ours ] IOBA tag   at 0x1341f5 (+0x1341f5) payload 0x20c000000
[ 1366.714646] apple-ave 40d100000.video-encoder:   [ours ] IOSZ tag   at 0x134205 (+0x134205) payload 0x2000000
[ 1367.221914] apple-ave 40d100000.video-encoder:   [ours ] IOBA tag   1 hit(s)
[ 1367.221916] apple-ave 40d100000.video-encoder:   [ours ] IOSZ tag   1 hit(s)
[ 1367.221916] apple-ave 40d100000.video-encoder:   [ours ] src path   15 hit(s)
[ 1367.221917] apple-ave 40d100000.video-encoder:   [ours ] CmdProc    1 hit(s)
[ 1367.221918] apple-ave 40d100000.video-encoder:   [ours ] MH_MAGIC64 0 hit(s)
[ 1367.221935] apple-ave 40d100000.video-encoder:   identify: scanning 16384 KiB from 0x0000010000b28000
[ 1367.226392] apple-ave 40d100000.video-encoder:   [iboot] CmdProc    at 0x10000be4a9b (+0xbca9b)
[ 1367.226447] apple-ave 40d100000.video-encoder:   [iboot] CmdProc    at 0x10000be6db8 (+0xbedb8)
[ 1367.226449] apple-ave 40d100000.video-encoder:   [iboot] CmdProc    at 0x10000be6e47 (+0xbee47)
[ 1367.229430] apple-ave 40d100000.video-encoder:   [iboot] IOBA tag   at 0x10000c6544c (+0x13d44c) payload 0x0
[ 1367.229434] apple-ave 40d100000.video-encoder:   [iboot] IOSZ tag   at 0x10000c6545c (+0x13d45c) payload 0x0
[ 1367.281959] apple-ave 40d100000.video-encoder:   [iboot] CmdProc    at 0x10001522480 (+0x9fa480)
[ 1367.282117] apple-ave 40d100000.video-encoder:   [iboot] CmdProc    at 0x10001528874 (+0xa00874)
[ 1367.284636] apple-ave 40d100000.video-encoder:   [iboot] CmdProc    at 0x10001590247 (+0xa68247)
[ 1367.289511] apple-ave 40d100000.video-encoder:   [iboot] IOBA tag   at 0x1000165ec4c (+0xb36c4c) payload 0x0
[ 1367.289515] apple-ave 40d100000.video-encoder:   [iboot] IOSZ tag   at 0x1000165ec5c (+0xb36c5c) payload 0x0
[ 1367.314369] apple-ave 40d100000.video-encoder:   [iboot] IOBA tag   at 0x10001a93bdc (+0xf6bbdc) payload 0x40c000000
[ 1367.314373] apple-ave 40d100000.video-encoder:   [iboot] IOSZ tag   at 0x10001a93bec (+0xf6bbec) payload 0x0
[ 1367.317847] apple-ave 40d100000.video-encoder:   [iboot] IOBA tag   3 hit(s)
[ 1367.317850] apple-ave 40d100000.video-encoder:   [iboot] IOSZ tag   3 hit(s)
[ 1367.317851] apple-ave 40d100000.video-encoder:   [iboot] src path   0 hit(s)
[ 1367.317851] apple-ave 40d100000.video-encoder:   [iboot] CmdProc    6 hit(s)
[ 1367.317852] apple-ave 40d100000.video-encoder:   [iboot] MH_MAGIC64 0 hit(s)
[ 1367.317853] apple-ave 40d100000.video-encoder:   extent: 0x10000b28000-0x10000b29000 (4 KiB)
[ 1367.317858] apple-ave 40d100000.video-encoder:   extent: 0x10000b2c000-0x10000c15000 (932 KiB)
[ 1367.317861] apple-ave 40d100000.video-encoder:   extent: 0x10000c18000-0x10000c5e000 (280 KiB)
[ 1367.317862] apple-ave 40d100000.video-encoder:   extent: 0x10000c60000-0x10000c62000 (8 KiB)
[ 1367.317864] apple-ave 40d100000.video-encoder:   extent: 0x10000c64000-0x10000c69000 (20 KiB)
[ 1367.317885] apple-ave 40d100000.video-encoder:   extent: 0x10000c6c000-0x100012ef000 (6668 KiB)
[ 1367.317934] apple-ave 40d100000.video-encoder:   extent: 0x100013e8000-0x10001424000 (240 KiB)
[ 1367.317939] apple-ave 40d100000.video-encoder:   extent: 0x10001425000-0x10001480000 (364 KiB)
[ 1367.317941] apple-ave 40d100000.video-encoder:   extent: 0x10001481000-0x10001498000 (92 KiB)
[ 1367.317942] apple-ave 40d100000.video-encoder:   extent: 0x1000149a000-0x100014c9000 (188 KiB)
[ 1367.317943] apple-ave 40d100000.video-encoder:   extent: 0x100014ca000-0x100014e0000 (88 KiB)
[ 1367.317952] apple-ave 40d100000.video-encoder:   extent: 0x100014ef000-0x10001657000 (1440 KiB)
[ 1367.317953] apple-ave 40d100000.video-encoder:   extent: 0x10001658000-0x10001672000 (104 KiB)
[ 1367.318134] apple-ave 40d100000.video-encoder:   extent: 0x10001a3c000-0x10001a3d000 (4 KiB)
[ 1367.318150] apple-ave 40d100000.video-encoder:   extent: 0x10001a90000-0x10001aa6000 (88 KiB)
[ 1367.318165] apple-ave 40d100000.video-encoder:   extent: 0x10001af0000-0x10001af1000 (4 KiB)
[ 1367.318176] apple-ave 40d100000.video-encoder:   extent: 2631 non-zero pages of 4096, 16 run(s)
[ 1367.318183] apple-ave 40d100000.video-encoder:   [halted ] CPU_CONTROL = 0x0
[ 1367.530967] apple-ave 40d100000.video-encoder:   [halted ] CPU_STATUS: 2000 samples over 212 ms, 1 distinct
[ 1367.530993] apple-ave 40d100000.video-encoder:   [halted ]   0x002a x2000 STOPPED FIQ_NOT_PEND? IDLE
[ 1367.531005] apple-ave 40d100000.video-encoder:   [halted ] reading ASC timer +0x178000 ...
[ 1368.143518] apple-ave 40d100000.video-encoder:   [halted ] timer 0x7c4ad0608 -> 0x7c4d37af3 (delta 2520299 over ~100 ms), freq 24000000
[ 1368.143540] apple-ave 40d100000.video-encoder: stage 13 (asc-start): starting
[ 1368.143549] apple-ave 40d100000.video-encoder: stage 13 (asc-start): OK
[ 1368.143558] apple-ave 40d100000.video-encoder: stage 14 (recv-msg): starting
[ 1368.143565] apple-ave 40d100000.video-encoder:   waiting up to 2s for the firmware to speak ...
[ 1375.922940] apple-ave 40d100000.video-encoder:   no message from firmware (-110)
[ 1375.922943] apple-ave 40d100000.video-encoder:   fw log: rd=0 wr=0 ring=0x20000
[ 1375.922944] apple-ave 40d100000.video-encoder:   firmware globals (read straight out of our image buffer):
[ 1375.922946] apple-ave 40d100000.video-encoder:     0x195090 = 0x0000000000000000  gs_psCfg (NULL => AVE_Log_Output disabled)
[ 1375.922947] apple-ave 40d100000.video-encoder:     0x1950b0 = 0x0000000000000000  gs_psCfg+0x20
[ 1375.922948] apple-ave 40d100000.video-encoder:     0x2649a0 = 0x0000000000000000  __rtk_crashlog_local_buffer
[ 1375.922949] apple-ave 40d100000.video-encoder:     0x2649c8 = 0x0000000000000000  crashlog related
[ 1375.922960] apple-ave 40d100000.video-encoder:   phys 0x0000010000b28000: first word 0x14000081 (not a Mach-O header)
[ 1375.922962] ave phys: 00000000: 81 00 00 14 00 00 00 00 00 00 00 00 00 00 00 00  ................
[ 1375.922963] apple-ave 40d100000.video-encoder:   branch target region (+0x200):
[ 1375.922964] ave +200: 00000000: 00 00 00 14 41 42 38 d5 21 0c 42 d3 3f 0c 00 f1  ....AB8.!.B.?...
[ 1375.922964] ave +200: 00000010: c1 00 00 54 a1 00 00 10 21 40 1e d5 a1 78 80 d2  ...T....!@...x..
[ 1375.922965] ave +200: 00000020: 01 40 1e d5 e0 03 9f d6 df 43 03 d5 e7 03 00 aa  .@.......C......
[ 1375.922965] ave +200: 00000030: 80 ee ff 10 00 c0 18 d5 a0 00 38 d5 01 1c 40 d3  ..........8...@.
[ 1375.922966] ave +200: 00000040: fa 03 01 aa 01 3c 48 d3 fb 03 01 aa 00 06 a0 d2  .....<H.........
[ 1375.922966] ave +200: 00000050: 40 10 18 d5 df 3f 03 d5 eb 03 07 aa 01 10 38 d5  @....?........8.
[ 1375.922967] ave +200: 00000060: 01 01 10 36 21 f8 7d 92 01 10 18 d5 df 3f 03 d5  ...6!.}......?..
[ 1375.922967] ave +200: 00000070: 40 00 80 d2 00 04 80 9a 7a 13 00 94 43 01 00 94  @.......z...C...
[ 1375.922968] ave +200: 00000080: c0 26 00 58 00 a2 18 d5 9f 40 00 d5 a0 eb ff 10  .&.X.....@......
[ 1375.922969] ave +200: 00000090: f7 03 00 aa 21 30 00 58 21 8c 40 92 00 00 01 cb  ....!0.X!.@.....
[ 1375.922969] ave +200: 000000a0: e9 03 00 aa 08 00 80 d2 40 07 00 f0 00 00 19 91  ........@.......
[ 1375.922970] ave +200: 000000b0: 41 07 00 f0 21 00 19 91 1f 00 01 eb e0 01 00 54  A...!..........T
[ 1375.922970] ave +200: 000000c0: 60 07 00 f0 00 00 29 91 00 20 00 91 42 01 00 94  `.....).. ..B...
[ 1375.922970] ave +200: 000000d0: 03 24 40 92 68 c4 72 d3 21 00 a0 d2 01 00 01 8a  .$@.h.r.!.......
[ 1375.922971] ave +200: 000000e0: 3f 00 00 f1 80 00 00 54 02 00 80 d2 42 00 08 8b  ?......T....B...
[ 1375.922971] ave +200: 000000f0: 29 01 02 cb e0 03 09 aa 01 00 80 d2 2d 00 08 8b  )...........-...
[ 1375.922972] ave +200: 00000100: 00 00 0d 8b 0c 00 08 cb a0 f9 01 10 00 04 40 29  ..............@)
[ 1375.922973] ave +200: 00000110: 00 80 01 8b 1f 00 00 f1 61 00 00 54 60 07 00 90  ........a..T`...
[ 1375.922973] ave +200: 00000120: 00 00 00 91 f6 03 00 aa 61 07 00 90 02 00 00 90  ........a.......
[ 1375.922974] ave +200: 00000130: 23 00 02 cb 63 00 0d 8b 19 00 03 cb 60 0a 00 90  #...c.......`...
[ 1375.922974] ave +200: 00000140: 00 60 0d 91 00 0c 1a 8b e2 03 00 aa 1a 01 00 94  .`..............
[ 1375.922975] ave +200: 00000150: e3 03 00 aa 61 20 00 58 7f 00 01 eb 60 29 00 54  ....a .X....`).T
[ 1375.922975] ave +200: 00000160: 41 20 00 58 7f 00 01 eb 20 00 80 d2 80 00 00 54  A .X.... ......T
[ 1375.922976] ave +200: 00000170: e0 03 02 aa 14 01 00 94 00 00 80 d2 f8 03 00 aa  ................
[ 1375.922976] ave +200: 00000180: 60 0a 00 90 00 00 00 91 0b 01 00 94 e7 03 00 aa  `...............
[ 1375.922977] ave +200: 00000190: 02 08 80 d2 42 00 00 cb 60 0a 00 90 00 20 00 91  ....B...`.... ..
[ 1375.922977] ave +200: 000001a0: 05 01 00 94 1f 0c 00 f1 e1 00 00 54 c2 04 80 d2  ...........T....
[ 1375.922978] ave +200: 000001b0: 47 03 80 d2 42 00 60 91 42 00 04 91 25 03 80 d2  G...B.`.B...%...
[ 1375.922978] ave +200: 000001c0: ef 03 05 aa 1f 08 00 f1 21 02 00 54 85 04 80 d2  ........!..T....
[ 1375.922979] ave +200: 000001d0: ef 03 05 aa 42 bc 70 d3 04 10 80 d2 42 00 04 8b  ....B.p.....B...
[ 1375.922979] ave +200: 000001e0: 04 20 a0 d2 42 00 04 8b 21 00 80 d2 e6 03 07 aa  . ..B...!.......
[ 1375.922980] ave +200: 000001f0: 21 20 c6 9a 06 00 80 d2 c1 00 01 cb e6 03 0d aa  ! ..............
[ 1375.922980] ave +200: 00000200: 21 00 06 8b ed 03 01 aa 39 03 0d cb 1f 04 00 f1  !.......9.......
[ 1375.922981] ave +200: 00000210: a1 00 00 54 85 04 80 d2 ef 03 05 aa 42 00 60 91  ...T........B.`.
[ 1375.922981] ave +200: 00000220: 42 00 04 91 e1 00 05 cb 23 00 80 d2 61 20 c1 9a  B.......#...a ..
[ 1375.922982] ave +200: 00000230: ee 03 01 aa 01 07 38 d5 c0 19 00 58 00 00 02 aa  ......8....X....
[ 1375.922982] ave +200: 00000240: 20 08 60 b3 40 20 18 d5 21 08 00 90 21 00 00 91   .`.@ ..!...!...
[ 1375.922982] ave +200: 00000250: 62 08 00 90 42 00 00 91 42 00 01 cb e2 37 40 b3  b...B...B....7@.
[ 1375.922983] ave +200: 00000260: ea 03 02 aa 62 07 00 90 21 00 02 cb 34 00 16 8b  ....b...!...4...
[ 1375.922983] ave +200: 00000270: e0 03 14 aa e1 03 0a aa 00 00 01 8b 02 10 40 d1  ..............@.
[ 1375.922984] ave +200: 00000280: f2 03 02 aa e2 03 0e aa 02 0c 02 cb f0 03 02 aa  ................
[ 1375.922984] ave +200: 00000290: e0 03 0d aa 01 00 80 d2 21 00 08 8b 1f 00 01 eb  ........!.......
[ 1375.922985] ave +200: 000002a0: 61 00 00 54 02 20 18 d5 02 00 00 14 22 20 18 d5  a..T. ......" ..
[ 1375.922985] ave +200: 000002b0: e0 03 18 aa 1f 04 00 f1 80 04 00 54 e0 03 1a aa  ...........T....
[ 1375.922986] ave +200: 000002c0: 40 04 00 b5 64 80 80 d2 00 00 80 d2 00 64 48 8b  @...d........dH.
[ 1375.922986] ave +200: 000002d0: e1 03 0a aa 21 fc 4e d3 e2 03 10 aa e3 03 0f aa  ....!.N.........
[ 1375.922987] ave +200: 000002e0: 7f 90 00 f1 c1 00 00 54 e5 03 12 aa a5 00 04 8b  .......T........
[ 1375.922987] ave +200: 000002f0: 45 84 00 f8 21 04 00 d1 e2 03 12 aa 42 0c 00 8b  E...!.......B...
[ 1375.922988] ave +200: 00000300: 43 0c 01 8b e5 03 14 aa a5 00 04 8b 45 84 00 f8  C...........E...
[ 1375.922988] ave +200: 00000310: a5 10 40 91 5f 00 03 eb ab ff ff 54 64 90 80 d2  ..@._......Td...
[ 1375.922989] ave +200: 00000320: e0 03 0d aa b4 00 00 94 e1 03 17 aa 21 a4 4e d3  ............!.N.
[ 1375.922989] ave +200: 00000330: 24 6c 72 b3 04 84 00 f8 9f 3f 03 d5 84 10 40 91  $lr......?....@.
[ 1375.922990] ave +200: 00000340: 04 00 00 f9 9f 3f 03 d5 c0 d5 01 10 00 00 17 cb  .....?..........
[ 1375.922990] ave +200: 00000350: 00 00 0d 8b 00 c0 18 d5 90 00 00 94 00 10 38 d5  ..............8.
[ 1375.922991] ave +200: 00000360: c1 10 00 58 00 00 01 aa 41 00 80 d2 00 00 21 8a  ...X....A.....!.
[ 1375.922991] ave +200: 00000370: 00 10 18 d5 df 3f 03 d5 1f 87 0e d5 df 3f 03 d5  .....?.......?..
[ 1375.922992] ave +200: 00000380: bf 40 00 d5 e0 03 1a aa e0 0b 00 b5 e0 03 0f aa  .@..............
[ 1375.922992] ave +200: 00000390: 1f 90 00 f1 61 02 00 54 01 00 81 d2 21 64 48 cb  ....a..T....!dH.
[ 1375.922993] ave +200: 000003a0: e0 03 0e aa 21 00 00 cb 02 00 80 d2 42 64 48 8b  ....!.......BdH.
[ 1375.922993] ave +200: 000003b0: 03 00 80 d2 95 00 00 94 f5 03 00 aa 07 00 80 d2  ................
[ 1375.922994] ave +200: 000003c0: 42 64 48 8b 22 00 07 8b 90 00 00 94 f3 03 00 aa  BdH."...........
[ 1375.922994] ave +200: 000003d0: e3 03 02 aa 8d 00 00 94 f1 03 00 aa 11 00 00 14  ................
[ 1375.922995] ave +200: 000003e0: e6 03 0e aa e0 03 0d aa 00 fc 59 d3 e1 03 00 aa  ..........Y.....
[ 1375.922995] ave +200: 000003f0: c0 00 01 cb e1 03 0a aa 27 fc 43 d3 e1 00 00 cb  ........'.C.....
[ 1375.923775] apple-ave 40d100000.video-encoder:   no page of iBoot's image changed (cannot tell parked from dead)
[ 1375.923776] apple-ave 40d100000.video-encoder: stage 14 (recv-msg): OK
[ 1375.923777] apple-ave 40d100000.video-encoder: stage 15 (probe-state): starting
[ 1376.127444] apple-ave 40d100000.video-encoder:   CPU_STATUS 0x0000002c -> 0x0000002c
[ 1376.127447] apple-ave 40d100000.video-encoder:   scratch[0] 0x08042006 -> 0x08042006
[ 1376.127447] apple-ave 40d100000.video-encoder:   scratch[1] 0xfdbbc000 -> 0xfdbbc000
[ 1376.127448] apple-ave 40d100000.video-encoder:   scratch[2] 0x00000000 -> 0x00000000
[ 1376.127449] apple-ave 40d100000.video-encoder:   scratch[3] 0x00000000 -> 0x00000000
[ 1376.127449] apple-ave 40d100000.video-encoder:   scratch[4] 0x00000000 -> 0x00000000
[ 1376.127450] apple-ave 40d100000.video-encoder:   scratch[5] 0x00000000 -> 0x00000000
[ 1376.127451] apple-ave 40d100000.video-encoder:   scratch[6] 0x00000000 -> 0x00000000
[ 1376.127451] apple-ave 40d100000.video-encoder:   scratch[7] 0x00000000 -> 0x00000000
[ 1376.127452] apple-ave 40d100000.video-encoder:   verdict: no observable activity - core may not be running
[ 1376.127453] apple-ave 40d100000.video-encoder:   [started] CPU_CONTROL = 0x10
[ 1376.354037] apple-ave 40d100000.video-encoder:   [started] CPU_STATUS: 2000 samples over 226 ms, 1 distinct
[ 1376.354058] apple-ave 40d100000.video-encoder:   [started]   0x002c x2000 IRQ_NOT_PEND? FIQ_NOT_PEND? IDLE
[ 1376.354069] apple-ave 40d100000.video-encoder:   [started] reading ASC timer +0x178000 ...
[ 1376.959477] apple-ave 40d100000.video-encoder:   [started] timer 0x7d149e625 -> 0x7d16ffb5c (delta 2495799 over ~100 ms), freq 24000000
[ 1377.010492] apple-ave 40d100000.video-encoder:   [re-halt] CPU_CONTROL = 0x0
[ 1377.251899] apple-ave 40d100000.video-encoder:   [re-halt] CPU_STATUS: 2000 samples over 241 ms, 1 distinct
[ 1377.251922] apple-ave 40d100000.video-encoder:   [re-halt]   0x002c x2000 IRQ_NOT_PEND? FIQ_NOT_PEND? IDLE
[ 1377.251933] apple-ave 40d100000.video-encoder:   [re-halt] reading ASC timer +0x178000 ...
[ 1377.862477] apple-ave 40d100000.video-encoder:   [re-halt] timer 0x7d2949514 -> 0x7d2baabc0 (delta 2496172 over ~100 ms), freq 24000000
[ 1377.862498] apple-ave 40d100000.video-encoder: stage 15 (probe-state): OK

=== done. full log: /home/aquarat/Projects/apple-ave-driver/results/handshake-20260913-102149-c4e58389.log ===
